// Jest Snapshot v1, https://goo.gl/fbAQLP

exports[`renders blue 1`] = `
<div
  className="skin-blue best-skin"
>
  <div />
</div>
`;
