// Jest Snapshot v1, https://goo.gl/fbAQLP

exports[`renders correctly 1`] = `
<div
  className="login-page"
  style={
    Object {
      "minHeight": "100vh",
    }
  }
>
  <div />
</div>
`;
