// Jest Snapshot v1, https://goo.gl/fbAQLP

exports[`renders correctly 1`] = `
<a
  className="sidebar-toggle"
>
  <span
    className="sr-only"
  >
    Toggle navigation
  </span>
</a>
`;
