// Jest Snapshot v1, https://goo.gl/fbAQLP

exports[`renders correctly 1`] = `
<div
  className="wrapper best-wrapper"
>
  <div />
</div>
`;
