// Jest Snapshot v1, https://goo.gl/fbAQLP

exports[`renders default 1`] = `
<div
  className="login-logo"
>
  Mine!
</div>
`;
